******************************************************************************
                  MSP430 Linker PC v18.12.4                    
******************************************************************************
>> Linked Tue Jun 16 16:01:15 2020

OUTPUT FILE NAME:   <slave.out>
ENTRY POINT SYMBOL: "_c_int00_noinit_noargs"  address: 0000e0f2


MEMORY CONFIGURATION

         name            origin    length      used     unused   attr    fill
----------------------  --------  ---------  --------  --------  ----  --------
  SFR                   00000000   00000010  00000000  00000010  RWIX
  PERIPHERALS_8BIT      00000010   000000f0  00000000  000000f0  RWIX
  PERIPHERALS_16BIT     00000100   00000100  00000000  00000100  RWIX
  RAM                   00000200   00000100  00000050  000000b0  RWIX
  INFOD                 00001000   00000040  00000000  00000040  RWIX
  INFOC                 00001040   00000040  00000000  00000040  RWIX
  INFOB                 00001080   00000040  00000000  00000040  RWIX
  INFOA                 000010c0   00000040  00000000  00000040  RWIX
  FLASH                 0000e000   00001fe0  0000013e  00001ea2  RWIX
  INT00                 0000ffe0   00000002  00000000  00000002  RWIX
  INT01                 0000ffe2   00000002  00000000  00000002  RWIX
  INT02                 0000ffe4   00000002  00000002  00000000  RWIX
  INT03                 0000ffe6   00000002  00000002  00000000  RWIX
  INT04                 0000ffe8   00000002  00000002  00000000  RWIX
  INT05                 0000ffea   00000002  00000002  00000000  RWIX
  INT06                 0000ffec   00000002  00000000  00000002  RWIX
  INT07                 0000ffee   00000002  00000000  00000002  RWIX
  INT08                 0000fff0   00000002  00000002  00000000  RWIX
  INT09                 0000fff2   00000002  00000002  00000000  RWIX
  INT10                 0000fff4   00000002  00000002  00000000  RWIX
  INT11                 0000fff6   00000002  00000002  00000000  RWIX
  INT12                 0000fff8   00000002  00000000  00000002  RWIX
  INT13                 0000fffa   00000002  00000000  00000002  RWIX
  INT14                 0000fffc   00000002  00000002  00000000  RWIX
  RESET                 0000fffe   00000002  00000002  00000000  RWIX


SECTION ALLOCATION MAP

 output                                  attributes/
section   page    origin      length       input sections
--------  ----  ----------  ----------   ----------------
.stack     0    000002b0    00000050     UNINITIALIZED
                  000002b0    00000002     rts430_eabi.lib : boot.c.obj (.stack)
                  000002b2    0000004e     --HOLE--

.text      0    0000e000    0000013a     
                  0000e000    0000004e     main.obj (.text:main)
                  0000e04e    0000002c     rts430_eabi.lib : lsl16.asm.obj (.text)
                  0000e07a    00000024     Library_Display.obj (.text:Init_USI_SPI)
                  0000e09e    00000022     Library_Display.obj (.text:Aff_4carac)
                  0000e0c0    0000001c     Library_Display.obj (.text:Send_char_SPI)
                  0000e0dc    00000016     adc10.obj (.text:ADC_init)
                  0000e0f2    00000014     rts430_eabi.lib : boot.c.obj (.text:_c_int00_noinit_noargs)
                  0000e106    00000012     adc10.obj (.text:ADC_Demarrer_conversion)
                  0000e118    00000010     adc10.obj (.text:ADC_Lire_resultat)
                  0000e128    00000008     rts430_eabi.lib : isr_trap.asm.obj (.text:_isr:__TI_ISR_TRAP)
                  0000e130    00000006                     : exit.c.obj (.text:abort)
                  0000e136    00000004                     : pre_init.c.obj (.text:_system_pre_init)

.cinit     0    0000e000    00000000     UNINITIALIZED

.const     0    0000e13a    00000004     
                  0000e13a    00000004     main.obj (.const:.string:$P$T0$1)

.binit     0    0000e000    00000000     

.init_array 
*          0    0000e000    00000000     UNINITIALIZED

PORT1      0    0000ffe4    00000002     
                  0000ffe4    00000002     rts430_eabi.lib : int02.asm.obj (.int02)

PORT2      0    0000ffe6    00000002     
                  0000ffe6    00000002     rts430_eabi.lib : int03.asm.obj (.int03)

USI        0    0000ffe8    00000002     
                  0000ffe8    00000002     rts430_eabi.lib : int04.asm.obj (.int04)

ADC10      0    0000ffea    00000002     
                  0000ffea    00000002     rts430_eabi.lib : int05.asm.obj (.int05)

TIMER0_A1 
*          0    0000fff0    00000002     
                  0000fff0    00000002     rts430_eabi.lib : int08.asm.obj (.int08)

TIMER0_A0 
*          0    0000fff2    00000002     
                  0000fff2    00000002     rts430_eabi.lib : int09.asm.obj (.int09)

WDT        0    0000fff4    00000002     
                  0000fff4    00000002     rts430_eabi.lib : int10.asm.obj (.int10)

COMPARATORA 
*          0    0000fff6    00000002     
                  0000fff6    00000002     rts430_eabi.lib : int11.asm.obj (.int11)

NMI        0    0000fffc    00000002     
                  0000fffc    00000002     rts430_eabi.lib : int14.asm.obj (.int14)

.reset     0    0000fffe    00000002     
                  0000fffe    00000002     rts430_eabi.lib : boot.c.obj (.reset)

MODULE SUMMARY

       Module                code   ro data   rw data
       ------                ----   -------   -------
    .\
       Library_Display.obj   98     0         0      
       main.obj              78     4         0      
       adc10.obj             56     0         0      
    +--+---------------------+------+---------+---------+
       Total:                232    4         0      
                                                     
    C:\ti\ccs930\ccs\tools\compiler\ti-cgt-msp430_18.12.4.LTS\lib\rts430_eabi.lib
       lsl16.asm.obj         44     0         0      
       boot.c.obj            20     2         0      
       isr_trap.asm.obj      8      0         0      
       exit.c.obj            6      0         0      
       pre_init.c.obj        4      0         0      
       int02.asm.obj         0      2         0      
       int03.asm.obj         0      2         0      
       int04.asm.obj         0      2         0      
       int05.asm.obj         0      2         0      
       int08.asm.obj         0      2         0      
       int09.asm.obj         0      2         0      
       int10.asm.obj         0      2         0      
       int11.asm.obj         0      2         0      
       int14.asm.obj         0      2         0      
    +--+---------------------+------+---------+---------+
       Total:                82     20        0      
                                                     
       Stack:                0      0         80     
    +--+---------------------+------+---------+---------+
       Grand Total:          314    24        80     


GLOBAL SYMBOLS: SORTED ALPHABETICALLY BY Name 

address   name                   
-------   ----                   
0000004a  ADC10AE0               
000001b0  ADC10CTL0              
000001b2  ADC10CTL1              
00000048  ADC10DTC0              
00000049  ADC10DTC1              
000001b4  ADC10MEM               
000001bc  ADC10SA                
0000e106  ADC_Demarrer_conversion
0000e118  ADC_Lire_resultat      
0000e0dc  ADC_init               
0000e09e  Aff_4carac             
00000057  BCSCTL1                
00000058  BCSCTL2                
00000053  BCSCTL3                
0000e130  C$$EXIT                
00000059  CACTL1                 
0000005a  CACTL2                 
000010fb  CALBC1_12MHZ           
000010f9  CALBC1_16MHZ           
000010ff  CALBC1_1MHZ            
000010fd  CALBC1_8MHZ            
000010fa  CALDCO_12MHZ           
000010f8  CALDCO_16MHZ           
000010fe  CALDCO_1MHZ            
000010fc  CALDCO_8MHZ            
0000005b  CAPD                   
00000056  DCOCTL                 
00000128  FCTL1                  
0000012a  FCTL2                  
0000012c  FCTL3                  
00000000  IE1                    
00000002  IFG1                   
0000e07a  Init_USI_SPI           
00000022  P1DIR                  
00000025  P1IE                   
00000024  P1IES                  
00000023  P1IFG                  
00000020  P1IN                   
00000021  P1OUT                  
00000027  P1REN                  
00000026  P1SEL                  
00000041  P1SEL2                 
0000002a  P2DIR                  
0000002d  P2IE                   
0000002c  P2IES                  
0000002b  P2IFG                  
00000028  P2IN                   
00000029  P2OUT                  
0000002f  P2REN                  
0000002e  P2SEL                  
00000042  P2SEL2                 
0000e0c0  Send_char_SPI          
00000172  TA0CCR0                
00000174  TA0CCR1                
00000176  TA0CCR2                
00000162  TA0CCTL0               
00000164  TA0CCTL1               
00000166  TA0CCTL2               
00000160  TA0CTL                 
0000012e  TA0IV                  
00000170  TA0R                   
000010db  TLV_ADC10_1_LEN        
000010da  TLV_ADC10_1_TAG        
000010c0  TLV_CHECKSUM           
000010f7  TLV_DCO_30_LEN         
000010f6  TLV_DCO_30_TAG         
0000007a  USICCTL                
0000007a  USICKCTL               
0000007b  USICNT                 
00000078  USICTL                 
00000078  USICTL0                
00000079  USICTL1                
0000007c  USISR                  
0000007d  USISRH                 
0000007c  USISRL                 
00000120  WDTCTL                 
00000300  __STACK_END            
00000050  __STACK_SIZE           
0000e128  __TI_ISR_TRAP          
0000ffe4  __TI_int02             
0000ffe6  __TI_int03             
0000ffe8  __TI_int04             
0000ffea  __TI_int05             
0000fff0  __TI_int08             
0000fff2  __TI_int09             
0000fff4  __TI_int10             
0000fff6  __TI_int11             
0000fffc  __TI_int14             
ffffffff  __TI_pprof_out_hndl    
ffffffff  __TI_prof_data_size    
ffffffff  __TI_prof_data_start   
ffffffff  __c_args__             
0000e04e  __mspabi_slli          
0000e076  __mspabi_slli_1        
0000e064  __mspabi_slli_10       
0000e062  __mspabi_slli_11       
0000e060  __mspabi_slli_12       
0000e05e  __mspabi_slli_13       
0000e05c  __mspabi_slli_14       
0000e05a  __mspabi_slli_15       
0000e074  __mspabi_slli_2        
0000e072  __mspabi_slli_3        
0000e070  __mspabi_slli_4        
0000e06e  __mspabi_slli_5        
0000e06c  __mspabi_slli_6        
0000e06a  __mspabi_slli_7        
0000e068  __mspabi_slli_8        
0000e066  __mspabi_slli_9        
0000e0f2  _c_int00_noinit_noargs 
0000fffe  _reset_vector          
000002b0  _stack                 
0000e136  _system_pre_init       
0000e130  abort                  
0000e000  main                   


GLOBAL SYMBOLS: SORTED BY Symbol Address 

address   name                   
-------   ----                   
00000000  IE1                    
00000002  IFG1                   
00000020  P1IN                   
00000021  P1OUT                  
00000022  P1DIR                  
00000023  P1IFG                  
00000024  P1IES                  
00000025  P1IE                   
00000026  P1SEL                  
00000027  P1REN                  
00000028  P2IN                   
00000029  P2OUT                  
0000002a  P2DIR                  
0000002b  P2IFG                  
0000002c  P2IES                  
0000002d  P2IE                   
0000002e  P2SEL                  
0000002f  P2REN                  
00000041  P1SEL2                 
00000042  P2SEL2                 
00000048  ADC10DTC0              
00000049  ADC10DTC1              
0000004a  ADC10AE0               
00000050  __STACK_SIZE           
00000053  BCSCTL3                
00000056  DCOCTL                 
00000057  BCSCTL1                
00000058  BCSCTL2                
00000059  CACTL1                 
0000005a  CACTL2                 
0000005b  CAPD                   
00000078  USICTL                 
00000078  USICTL0                
00000079  USICTL1                
0000007a  USICCTL                
0000007a  USICKCTL               
0000007b  USICNT                 
0000007c  USISR                  
0000007c  USISRL                 
0000007d  USISRH                 
00000120  WDTCTL                 
00000128  FCTL1                  
0000012a  FCTL2                  
0000012c  FCTL3                  
0000012e  TA0IV                  
00000160  TA0CTL                 
00000162  TA0CCTL0               
00000164  TA0CCTL1               
00000166  TA0CCTL2               
00000170  TA0R                   
00000172  TA0CCR0                
00000174  TA0CCR1                
00000176  TA0CCR2                
000001b0  ADC10CTL0              
000001b2  ADC10CTL1              
000001b4  ADC10MEM               
000001bc  ADC10SA                
000002b0  _stack                 
00000300  __STACK_END            
000010c0  TLV_CHECKSUM           
000010da  TLV_ADC10_1_TAG        
000010db  TLV_ADC10_1_LEN        
000010f6  TLV_DCO_30_TAG         
000010f7  TLV_DCO_30_LEN         
000010f8  CALDCO_16MHZ           
000010f9  CALBC1_16MHZ           
000010fa  CALDCO_12MHZ           
000010fb  CALBC1_12MHZ           
000010fc  CALDCO_8MHZ            
000010fd  CALBC1_8MHZ            
000010fe  CALDCO_1MHZ            
000010ff  CALBC1_1MHZ            
0000e000  main                   
0000e04e  __mspabi_slli          
0000e05a  __mspabi_slli_15       
0000e05c  __mspabi_slli_14       
0000e05e  __mspabi_slli_13       
0000e060  __mspabi_slli_12       
0000e062  __mspabi_slli_11       
0000e064  __mspabi_slli_10       
0000e066  __mspabi_slli_9        
0000e068  __mspabi_slli_8        
0000e06a  __mspabi_slli_7        
0000e06c  __mspabi_slli_6        
0000e06e  __mspabi_slli_5        
0000e070  __mspabi_slli_4        
0000e072  __mspabi_slli_3        
0000e074  __mspabi_slli_2        
0000e076  __mspabi_slli_1        
0000e07a  Init_USI_SPI           
0000e09e  Aff_4carac             
0000e0c0  Send_char_SPI          
0000e0dc  ADC_init               
0000e0f2  _c_int00_noinit_noargs 
0000e106  ADC_Demarrer_conversion
0000e118  ADC_Lire_resultat      
0000e128  __TI_ISR_TRAP          
0000e130  C$$EXIT                
0000e130  abort                  
0000e136  _system_pre_init       
0000ffe4  __TI_int02             
0000ffe6  __TI_int03             
0000ffe8  __TI_int04             
0000ffea  __TI_int05             
0000fff0  __TI_int08             
0000fff2  __TI_int09             
0000fff4  __TI_int10             
0000fff6  __TI_int11             
0000fffc  __TI_int14             
0000fffe  _reset_vector          
ffffffff  __TI_pprof_out_hndl    
ffffffff  __TI_prof_data_size    
ffffffff  __TI_prof_data_start   
ffffffff  __c_args__             

[114 symbols]
